// Jest Snapshot v1, https://goo.gl/fbAQLP

exports[`Home snapshot has not changed 1`] = `
<div>
  <div
    id="home"
  >
    <h3
      class="css-v6lo72-Home"
    >
      Simple Counter
    </h3>
    <div
      class="counter"
      id="home__counter"
    >
      <button
        class="counter__decrease-btn css-1msykvu-Button"
      >
        -
      </button>
      <span
        class="counter__text css-10wtsar-Counter"
      >
        1
      </span>
      <button
        class="counter__increase-btn css-1msykvu-Button"
      >
        +
      </button>
    </div>
    <button
      class="button css-50ddk5-Button"
    >
      Toggle Dark Mode
    </button>
  </div>
</div>
`;
